<!--Copyright 2010 Google Inc. All Rights Reserved.
-->


<html>
  <head>
    <title>Hello World!</title>
  </head>
  <body>
    <script>
    /** An author tag in JS comments:
      */


    window.onload = function() { alert(Hello World!); };
    </script>

  An author tag in the web page contents:
  Author: someuser@google.com

  </body>
</html>
